create table SURVEY (ID integer, PARENT_ID integer, NAME varchar(8), FULL_NAME varchar(8), TITLE varchar(4));
create table CENTRELINE (ID integer, SURVEY_ID integer, TITLE varchar(4), TOPO_DATE date, EXPLO_DATE date, LENGTH real, SURFACE_LENGTH real, DUPLICATE_LENGTH real);
create table PERSON (ID integer, NAME varchar(1), SURNAME varchar(1));
create table EXPLO (PERSON_ID integer, CENTRELINE_ID integer);
create table TOPO (PERSON_ID integer, CENTRELINE_ID integer);
create table STATION (ID integer, NAME varchar(4), SURVEY_ID integer, X real, Y real, Z real);
create table STATION_FLAG (STATION_ID integer, FLAG char(3));
create table SHOT (ID integer, FROM_ID integer, TO_ID integer, CENTRELINE_ID integer, LENGTH real, BEARING real, GRADIENT real, ADJ_LENGTH real, ADJ_BEARING real, ADJ_GRADIENT real, ERR_LENGTH real, ERR_BEARING real, ERR_GRADIENT real);
create table SHOT_FLAG (SHOT_ID integer, FLAG char(3));
create table SHOT_ATTRIBUTE (SHOT_ID integer, NAME varchar(14), VALUE varchar(31));
create table MAPS (ID integer, SURVEY_ID integer, NAME varchar(8), TITLE varchar(4), PROJID integer, LENGTH real, DEPTH real);
create table SCRAPS (ID integer, SURVEY_ID integer, NAME varchar(8), PROJID integer, MAX_DISTORTION real, AVG_DISTORTION real);
create table MAPITEMS (ID integer, TYPE integer, ITEMID integer);
insert into SURVEY values (1, 0, '', '', NULL);
 insert into CENTRELINE values (2, 1, NULL, NULL, NULL, 0.00, 0.00, 0.00);
 insert into SURVEY values (18, 1, 'shotattr', 'shotattr', NULL);
 insert into CENTRELINE values (19, 18, NULL, NULL, NULL, 0.00, 0.00, 0.00);
 insert into CENTRELINE values (20, 18, NULL, NULL, NULL, 110.00, 0.00, 0.00);
 insert into SHOT values (1, 1, 2, 20, 10.000, 0.00, 0.00, 10.000, 0.00, 0.00, 0.000, 90.00, 0.00);
insert into SHOT values (2, 2, 3, 20, 10.000, 0.00, 0.00, 10.000, 0.00, 0.00, 0.000, 90.00, 0.00);
insert into SHOT_ATTRIBUTE values(2, 'fossil', 'true');
insert into SHOT values (3, 3, 4, 20, 10.000, 0.00, 0.00, 10.000, 0.00, 0.00, 0.000, 90.00, 0.00);
insert into SHOT_ATTRIBUTE values(3, 'fossil', 'true');
insert into SHOT_ATTRIBUTE values(3, 'phreatic', 'large gallery');
insert into SHOT values (4, 4, 5, 20, 10.000, 0.00, 0.00, 10.000, 0.00, 0.00, 0.000, 90.00, 0.00);
insert into SHOT_ATTRIBUTE values(4, 'fossil', 'false');
insert into SHOT_ATTRIBUTE values(4, 'phreatic', 'large gallery');
insert into SHOT values (5, 5, 6, 20, 10.000, 0.00, 0.00, 10.000, 0.00, 0.00, 0.000, 90.00, 0.00);
insert into SHOT_ATTRIBUTE values(5, 'phreatic', 'large gallery');
insert into SHOT values (6, 6, 7, 20, 10.000, 0.00, 0.00, 10.000, 0.00, 0.00, 0.000, 90.00, 0.00);
insert into SHOT values (7, 7, 8, 20, 10.000, 0.00, 0.00, 10.000, 0.00, 0.00, 0.000, 90.00, 0.00);
insert into SHOT_ATTRIBUTE values(7, 'comment', 'l''entree, dite "la chatiere"');
insert into SHOT values (8, 8, 9, 20, 10.000, 0.00, 0.00, 10.000, 0.00, 0.00, 0.000, 90.00, 0.00);
insert into SHOT_ATTRIBUTE values(8, 'context', 'outer');
insert into SHOT values (9, 9, 10, 20, 10.000, 0.00, 0.00, 10.000, 0.00, 0.00, 0.000, 90.00, 0.00);
insert into SHOT_ATTRIBUTE values(9, 'context', 'outer');
insert into SHOT values (10, 10, 11, 20, 10.000, 0.00, 0.00, 10.000, 0.00, 0.00, 0.000, 90.00, 0.00);
insert into SHOT_ATTRIBUTE values(10, 'context', 'outer');
insert into SHOT_ATTRIBUTE values(10, 'digging', 'true');
insert into SHOT values (11, 11, 12, 20, 10.000, 0.00, 0.00, 10.000, 0.00, 0.00, 0.000, 90.00, 0.00);
insert into SHOT_ATTRIBUTE values(11, 'context', 'outer');
insert into CENTRELINE values (21, 18, NULL, NULL, NULL, 30.00, 0.00, 0.00);
 insert into SHOT values (12, 12, 13, 21, 10.000, 0.00, 0.00, 10.000, 0.00, 0.00, 0.000, 90.00, 0.00);
insert into SHOT values (13, 13, 14, 21, 10.000, 0.00, 0.00, 10.000, 0.00, 0.00, 0.000, 90.00, 0.00);
insert into SHOT values (14, 14, 15, 21, 10.000, 0.00, 0.00, 10.000, 0.00, 0.00, 0.000, 90.00, 0.00);
insert into SHOT_ATTRIBUTE values(14, 'fossil', 'true');
insert into CENTRELINE values (22, 18, NULL, NULL, NULL, 10.00, 0.00, 0.00);
 insert into SHOT values (15, 15, 16, 22, 10.000, 0.00, 0.00, 10.000, 0.00, 0.00, 0.000, 90.00, 0.00);
insert into SHOT_ATTRIBUTE values(15, 'abcdefghiX12', 'left');
insert into SHOT_ATTRIBUTE values(15, 'abcdefghiY34', 'right');
insert into STATION values (1, '1', 18, 0.00, 0.00, 0.00);
insert into STATION values (2, '2', 18, 0.00, 10.00, 0.00);
insert into STATION values (3, '3', 18, 0.00, 20.00, 0.00);
insert into STATION values (4, '4', 18, 0.00, 30.00, 0.00);
insert into STATION values (5, '5', 18, 0.00, 40.00, 0.00);
insert into STATION values (6, '6', 18, 0.00, 50.00, 0.00);
insert into STATION values (7, '7', 18, 0.00, 60.00, 0.00);
insert into STATION values (8, '8', 18, 0.00, 70.00, 0.00);
insert into STATION values (9, '9', 18, 0.00, 80.00, 0.00);
insert into STATION values (10, '10', 18, 0.00, 90.00, 0.00);
insert into STATION values (11, '11', 18, 0.00, 100.00, 0.00);
insert into STATION values (12, '12', 18, 0.00, 110.00, 0.00);
insert into STATION values (13, '13', 18, 0.00, 120.00, 0.00);
insert into STATION values (14, '14', 18, 0.00, 130.00, 0.00);
insert into STATION values (15, '15', 18, 0.00, 140.00, 0.00);
insert into STATION values (16, '16', 18, 0.00, 150.00, 0.00);
