create table SURVEY (ID integer, PARENT_ID integer, NAME varchar(10), FULL_NAME varchar(10), TITLE varchar(4));
create table CENTRELINE (ID integer, SURVEY_ID integer, TITLE varchar(4), TOPO_DATE date, EXPLO_DATE date, LENGTH real, SURFACE_LENGTH real, DUPLICATE_LENGTH real);
create table PERSON (ID integer, NAME varchar(1), SURNAME varchar(1));
create table EXPLO (PERSON_ID integer, CENTRELINE_ID integer);
create table TOPO (PERSON_ID integer, CENTRELINE_ID integer);
create table STATION (ID integer, NAME varchar(4), SURVEY_ID integer, X real, Y real, Z real);
create table STATION_FLAG (STATION_ID integer, FLAG char(3));
create table SHOT (ID integer, FROM_ID integer, TO_ID integer, CENTRELINE_ID integer, LENGTH real, BEARING real, GRADIENT real, ADJ_LENGTH real, ADJ_BEARING real, ADJ_GRADIENT real, ERR_LENGTH real, ERR_BEARING real, ERR_GRADIENT real);
create table SHOT_FLAG (SHOT_ID integer, FLAG char(3));
create table MAPS (ID integer, SURVEY_ID integer, NAME varchar(10), TITLE varchar(4), PROJID integer, LENGTH real, DEPTH real);
create table SCRAPS (ID integer, SURVEY_ID integer, NAME varchar(10), PROJID integer, MAX_DISTORTION real, AVG_DISTORTION real);
create table MAPITEMS (ID integer, TYPE integer, ITEMID integer);
insert into SURVEY values (1, 0, '', '', NULL);
 insert into CENTRELINE values (2, 1, NULL, NULL, NULL, 0.00, 0.00, 0.00);
 insert into SURVEY values (18, 1, 'artificial', 'artificial', NULL);
 insert into CENTRELINE values (19, 18, NULL, NULL, NULL, 0.00, 0.00, 0.00);
 insert into CENTRELINE values (20, 18, NULL, NULL, NULL, 30.00, 10.00, 10.00);
 insert into SHOT values (1, 1, 2, 20, 10.000, 0.00, 0.00, 10.000, 0.00, 0.00, 0.000, 90.00, 0.00);
insert into SHOT values (2, 2, 3, 20, 10.000, 0.00, 0.00, 10.000, 0.00, 0.00, 0.000, 90.00, 0.00);
insert into SHOT_FLAG values(2, 'art');
insert into SHOT values (3, 3, 4, 20, 10.000, 0.00, 0.00, 10.000, 0.00, 0.00, 0.000, 90.00, 0.00);
insert into SHOT values (4, 4, 5, 20, 10.000, 0.00, 0.00, 10.000, 0.00, 0.00, 0.000, 90.00, 0.00);
insert into SHOT_FLAG values(4, 'dpl');
insert into SHOT_FLAG values(4, 'art');
insert into SHOT values (5, 5, 6, 20, 10.000, 0.00, 0.00, 10.000, 0.00, 0.00, 0.000, 90.00, 0.00);
insert into SHOT_FLAG values(5, 'srf');
insert into SHOT_FLAG values(5, 'art');
insert into SHOT values (6, 6, 7, 20, 10.000, 0.00, 0.00, 10.000, 0.00, 0.00, 0.000, 90.00, 0.00);
insert into SHOT_FLAG values(6, 'spl');
insert into SHOT_FLAG values(6, 'art');
insert into SHOT values (7, 7, 8, 20, 10.000, 0.00, 0.00, 10.000, 0.00, 0.00, 0.000, 90.00, 0.00);
insert into SHOT_FLAG values(7, 'art');
insert into SHOT values (8, 8, 9, 20, 10.000, 0.00, 0.00, 10.000, 0.00, 0.00, 0.000, 90.00, 0.00);
insert into CENTRELINE values (21, 18, NULL, NULL, NULL, 20.00, 0.00, 0.00);
 insert into SHOT values (9, 9, 10, 21, 10.000, 0.00, 0.00, 10.000, 0.00, 0.00, 0.000, 90.00, 0.00);
insert into SHOT values (10, 10, 11, 21, 10.000, 0.00, 0.00, 10.000, 0.00, 0.00, 0.000, 90.00, 0.00);
insert into SHOT values (11, 11, 12, 21, 10.000, 0.00, 0.00, 10.000, 0.00, 0.00, 0.000, 90.00, 0.00);
insert into SHOT_FLAG values(11, 'art');
insert into STATION values (1, '1', 18, 0.00, 0.00, 0.00);
insert into STATION values (2, '2', 18, 0.00, 10.00, 0.00);
insert into STATION values (3, '3', 18, 0.00, 20.00, 0.00);
insert into STATION values (4, '4', 18, 0.00, 30.00, 0.00);
insert into STATION values (5, '5', 18, 0.00, 40.00, 0.00);
insert into STATION values (6, '6', 18, 0.00, 50.00, 0.00);
insert into STATION values (7, '7', 18, 0.00, 60.00, 0.00);
insert into STATION values (8, '8', 18, 0.00, 70.00, 0.00);
insert into STATION values (9, '9', 18, 0.00, 80.00, 0.00);
insert into STATION values (10, '10', 18, 0.00, 90.00, 0.00);
insert into STATION values (11, '11', 18, 0.00, 100.00, 0.00);
insert into STATION values (12, '12', 18, 0.00, 110.00, 0.00);
