set XVIgrids {1.0 m}
set XVIstations {
  {      -60.00         0.00 a.1}
  {       60.00         0.00 a.2}
}
set XVIshots {
  {      -60.00         0.00       -60.00        40.00}
  {      -60.00         0.00        60.00         0.00}
  {       60.00         0.00        60.00       -40.00}
}
set XVIgrid  {-80 -60 20 0.0 0.0 20 8 6}
